Determining if the pthread_create exist failed with the following output:
Change Dir: /home/abot/demo/build/CMakeFiles/CMakeTmp

Run Build Command:"/usr/bin/make" "cmTC_966ad/fast"
/usr/bin/make -f CMakeFiles/cmTC_966ad.dir/build.make CMakeFiles/cmTC_966ad.dir/build
make[1]: 进入目录“/home/abot/demo/build/CMakeFiles/CMakeTmp”
Building C object CMakeFiles/cmTC_966ad.dir/CheckSymbolExists.c.o
/usr/bin/cc    -o CMakeFiles/cmTC_966ad.dir/CheckSymbolExists.c.o   -c /home/abot/demo/build/CMakeFiles/CMakeTmp/CheckSymbolExists.c
Linking C executable cmTC_966ad
/usr/bin/cmake -E cmake_link_script CMakeFiles/cmTC_966ad.dir/link.txt --verbose=1
/usr/bin/cc      -rdynamic CMakeFiles/cmTC_966ad.dir/CheckSymbolExists.c.o  -o cmTC_966ad 
CMakeFiles/cmTC_966ad.dir/CheckSymbolExists.c.o：在函数‘main’中：
CheckSymbolExists.c:(.text+0x1b)：对‘pthread_create’未定义的引用
collect2: error: ld returned 1 exit status
CMakeFiles/cmTC_966ad.dir/build.make:97: recipe for target 'cmTC_966ad' failed
make[1]: *** [cmTC_966ad] Error 1
make[1]: 离开目录“/home/abot/demo/build/CMakeFiles/CMakeTmp”
Makefile:126: recipe for target 'cmTC_966ad/fast' failed
make: *** [cmTC_966ad/fast] Error 2

File /home/abot/demo/build/CMakeFiles/CMakeTmp/CheckSymbolExists.c:
/* */
#include <pthread.h>

int main(int argc, char** argv)
{
  (void)argv;
#ifndef pthread_create
  return ((int*)(&pthread_create))[argc];
#else
  (void)argc;
  return 0;
#endif
}

Determining if the function pthread_create exists in the pthreads failed with the following output:
Change Dir: /home/abot/demo/build/CMakeFiles/CMakeTmp

Run Build Command:"/usr/bin/make" "cmTC_f3eed/fast"
/usr/bin/make -f CMakeFiles/cmTC_f3eed.dir/build.make CMakeFiles/cmTC_f3eed.dir/build
make[1]: 进入目录“/home/abot/demo/build/CMakeFiles/CMakeTmp”
Building C object CMakeFiles/cmTC_f3eed.dir/CheckFunctionExists.c.o
/usr/bin/cc   -DCHECK_FUNCTION_EXISTS=pthread_create   -o CMakeFiles/cmTC_f3eed.dir/CheckFunctionExists.c.o   -c /usr/share/cmake-3.10/Modules/CheckFunctionExists.c
Linking C executable cmTC_f3eed
/usr/bin/cmake -E cmake_link_script CMakeFiles/cmTC_f3eed.dir/link.txt --verbose=1
/usr/bin/cc  -DCHECK_FUNCTION_EXISTS=pthread_create    -rdynamic CMakeFiles/cmTC_f3eed.dir/CheckFunctionExists.c.o  -o cmTC_f3eed -lpthreads 
/usr/bin/ld: 找不到 -lpthreads
collect2: error: ld returned 1 exit status
CMakeFiles/cmTC_f3eed.dir/build.make:97: recipe for target 'cmTC_f3eed' failed
make[1]: *** [cmTC_f3eed] Error 1
make[1]: 离开目录“/home/abot/demo/build/CMakeFiles/CMakeTmp”
Makefile:126: recipe for target 'cmTC_f3eed/fast' failed
make: *** [cmTC_f3eed/fast] Error 2


